debuggroup summary 0.28s welcome to circos v0.69-6 31 July 2017 on Perl 5.024001
debuggroup summary 0.29s current working directory /
debuggroup summary 0.29s command /opt/tools/circos/0.69.6/bin/circos -nosvg -conf /data/output/circos/COLO829v003T.circos.conf -outputdir /data/output/plot -outputfile COLO829v003T.circos.png
debuggroup summary 0.29s loading configuration from file /data/output/circos/COLO829v003T.circos.conf
debuggroup summary 0.29s found conf file /data/output/circos/COLO829v003T.circos.conf
debuggroup summary 0.51s debug will appear for these features: output,summary
debuggroup summary 0.51s bitmap output image /data/output/plot/COLO829v003T.circos.png
debuggroup summary 0.51s parsing karyotype and organizing ideograms
debuggroup summary 0.64s karyotype has 24 chromosomes of total size 3,095,677,436
debuggroup summary 0.65s applying global and local scaling
debuggroup summary 0.66s allocating image, colors and brushes
debuggroup summary 10.07s drawing 24 ideograms of total size 3,095,677,436
debuggroup summary 10.07s drawing highlights and ideograms
debuggroup summary 10.07s found conf file /opt/tools/circos/0.69.6/bin/../etc/tracks/highlight.bg.conf
debuggroup summary 10.07s process track_0 highlight /data/output/circos/gaps.txt
debuggroup summary 10.21s found conf file /opt/tools/circos/0.69.6/bin/../etc/tracks/link.conf
debuggroup summary 10.21s process track_0 link /data/output/circos/COLO829v003T.link.circos
debuggroup summary 10.21s drawing link track_0 z 0
debuggroup summary 10.22s found conf file /opt/tools/circos/0.69.6/bin/../etc/tracks/scatter.conf
debuggroup summary 10.22s found conf file /opt/tools/circos/0.69.6/bin/../etc/tracks/heatmap.conf
debuggroup summary 10.22s found conf file /opt/tools/circos/0.69.6/bin/../etc/tracks/scatter.conf
debuggroup summary 10.22s found conf file /opt/tools/circos/0.69.6/bin/../etc/tracks/histogram.conf
debuggroup summary 10.22s found conf file /opt/tools/circos/0.69.6/bin/../etc/tracks/histogram.conf
debuggroup summary 10.22s found conf file /opt/tools/circos/0.69.6/bin/../etc/tracks/scatter.conf
debuggroup summary 10.22s found conf file /opt/tools/circos/0.69.6/bin/../etc/tracks/histogram.conf
debuggroup summary 10.22s found conf file /opt/tools/circos/0.69.6/bin/../etc/tracks/histogram.conf
debuggroup summary 10.22s processing track_0 scatter /data/output/circos/COLO829v003T.snp.circos
debuggroup summary 10.23s processing track_1 heatmap /data/output/circos/COLO829v003T.indel.circos
debuggroup summary 10.23s processing track_2 scatter /data/output/circos/COLO829v003T.cnv.circos
debuggroup summary 10.26s processing track_3 histogram /data/output/circos/COLO829v003T.cnv.circos
debuggroup summary 10.28s processing track_4 histogram /data/output/circos/COLO829v003T.cnv.circos
debuggroup summary 10.30s processing track_5 scatter /data/output/circos/COLO829v003T.map.circos
debuggroup summary 10.33s processing track_6 histogram /data/output/circos/COLO829v003T.map.circos
debuggroup summary 10.35s processing track_7 histogram /data/output/circos/COLO829v003T.map.circos
debuggroup summary 10.38s drawing track_0 scatter z 0 COLO829v003T.snp.circos orient out
debuggroup summary 10.38s found conf file /opt/tools/circos/0.69.6/bin/../etc/tracks/axis.conf
debuggroup summary 10.52s drawing track_1 heatmap z 0 COLO829v003T.indel.circos 
debuggroup summary 10.52s found conf file /opt/tools/circos/0.69.6/bin/../etc/tracks/axis.conf
debuggroup summary 10.57s drawing track_2 scatter z 0 COLO829v003T.cnv.circos orient out
debuggroup summary 10.57s found conf file /opt/tools/circos/0.69.6/bin/../etc/tracks/axis.conf
debuggroup summary 10.58s drawing track_3 histogram z 0 COLO829v003T.cnv.circos orient out
debuggroup summary 10.58s found conf file /opt/tools/circos/0.69.6/bin/../etc/tracks/axis.conf
debuggroup summary 10.72s drawing track_4 histogram z 0 COLO829v003T.cnv.circos orient out
debuggroup summary 10.73s found conf file /opt/tools/circos/0.69.6/bin/../etc/tracks/axis.conf
debuggroup summary 10.84s drawing track_5 scatter z 0 COLO829v003T.map.circos orient out
debuggroup summary 10.84s found conf file /opt/tools/circos/0.69.6/bin/../etc/tracks/axis.conf
debuggroup summary 10.84s drawing track_6 histogram z 0 COLO829v003T.map.circos orient out
debuggroup summary 10.84s found conf file /opt/tools/circos/0.69.6/bin/../etc/tracks/axis.conf
debuggroup summary 10.94s drawing track_7 histogram z 0 COLO829v003T.map.circos orient out
debuggroup summary 10.95s found conf file /opt/tools/circos/0.69.6/bin/../etc/tracks/axis.conf
debuggroup output 11.05s generating output
debuggroup output 11.63s created PNG image /data/output/plot/COLO829v003T.circos.png (540 kb)
